// Jest Snapshot v1, https://goo.gl/fbAQLP

exports[` Test the snapshot 1`] = `undefined`;
